[    0.000000] Initializing cgroup subsys cpuset
[    0.000000] Initializing cgroup subsys cpu
[    0.000000] Initializing cgroup subsys cpuacct
[    0.000000] Linux version 4.4.0-103-generic (buildd@lcy01-amd64-001) (gcc version 5.4.0 20160609 (Ubuntu 5.4.0-6ubuntu1~16.04.5) ) #126-Ubuntu SMP Mon Dec 4 16:23:28 UTC 2017 (Ubuntu 4.4.0-103.126-generic 4.4.98)
[    0.000000] Command line: BOOT_IMAGE=/boot/vmlinuz-4.4.0-103-generic root=UUID=972f7a8a-ba86-4809-b532-201590b5688c ro console=tty1 console=ttyS0
[    0.000000] KERNEL supported cpus:
[    0.000000]   Intel GenuineIntel
[    0.000000]   AMD AuthenticAMD
[    0.000000]   Centaur CentaurHauls
[    0.000000] x86/fpu: xstate_offset[2]:  576, xstate_sizes[2]:  256
[    0.000000] x86/fpu: Supporting XSAVE feature 0x01: 'x87 floating point registers'
[    0.000000] x86/fpu: Supporting XSAVE feature 0x02: 'SSE registers'
[    0.000000] x86/fpu: Supporting XSAVE feature 0x04: 'AVX registers'
[    0.000000] x86/fpu: Enabled xstate features 0x7, context size is 832 bytes, using 'standard' format.
[    0.000000] x86/fpu: Using 'lazy' FPU context switches.
[    0.000000] e820: BIOS-provided physical RAM map:
[    0.000000] BIOS-e820: [mem 0x0000000000000000-0x000000000009fbff] usable
[    0.000000] BIOS-e820: [mem 0x000000000009fc00-0x000000000009ffff] reserved
[    0.000000] BIOS-e820: [mem 0x00000000000f0000-0x00000000000fffff] reserved
[    0.000000] BIOS-e820: [mem 0x0000000000100000-0x000000007ffeffff] usable
[    0.000000] BIOS-e820: [mem 0x000000007fff0000-0x000000007fffffff] ACPI data
[    0.000000] BIOS-e820: [mem 0x00000000fec00000-0x00000000fec00fff] reserved
[    0.000000] BIOS-e820: [mem 0x00000000fee00000-0x00000000fee00fff] reserved
[    0.000000] BIOS-e820: [mem 0x00000000fffc0000-0x00000000ffffffff] reserved
[    0.000000] NX (Execute Disable) protection: active
[    0.000000] SMBIOS 2.5 present.
[    0.000000] Hypervisor detected: KVM
[    0.000000] e820: last_pfn = 0x7fff0 max_arch_pfn = 0x400000000
[    0.000000] MTRR: Disabled
[    0.000000] x86/PAT: MTRRs disabled, skipping PAT initialization too.
[    0.000000] CPU MTRRs all blank - virtualized system.
[    0.000000] x86/PAT: Configuration [0-7]: WB  WT  UC- UC  WB  WT  UC- UC  
[    0.000000] found SMP MP-table at [mem 0x0009fff0-0x0009ffff] mapped at [ffff88000009fff0]
[    0.000000] Scanning 1 areas for low memory corruption
[    0.000000] RAMDISK: [mem 0x35a84000-0x36d39fff]
[    0.000000] ACPI: Early table checksum verification disabled
[    0.000000] ACPI: RSDP 0x00000000000E0000 000024 (v02 VBOX  )
[    0.000000] ACPI: XSDT 0x000000007FFF0030 00003C (v01 VBOX   VBOXXSDT 00000001 ASL  00000061)
[    0.000000] ACPI: FACP 0x000000007FFF00F0 0000F4 (v04 VBOX   VBOXFACP 00000001 ASL  00000061)
[    0.000000] ACPI: DSDT 0x000000007FFF0470 0021FF (v02 VBOX   VBOXBIOS 00000002 INTL 20100528)
[    0.000000] ACPI: FACS 0x000000007FFF0200 000040
[    0.000000] ACPI: FACS 0x000000007FFF0200 000040
[    0.000000] ACPI: APIC 0x000000007FFF0240 00005C (v02 VBOX   VBOXAPIC 00000001 ASL  00000061)
[    0.000000] ACPI: SSDT 0x000000007FFF02A0 0001CC (v01 VBOX   VBOXCPUT 00000002 INTL 20100528)
[    0.000000] No NUMA configuration found
[    0.000000] Faking a node at [mem 0x0000000000000000-0x000000007ffeffff]
[    0.000000] NODE_DATA(0) allocated [mem 0x7ffeb000-0x7ffeffff]
[    0.000000] kvm-clock: Using msrs 4b564d01 and 4b564d00
[    0.000000] kvm-clock: cpu 0, msr 0:7ffe3001, primary cpu clock
[    0.000000] kvm-clock: using sched offset of 3792461083 cycles
[    0.000000] clocksource: kvm-clock: mask: 0xffffffffffffffff max_cycles: 0x1cd42e4dffb, max_idle_ns: 881590591483 ns
[    0.000000] Zone ranges:
[    0.000000]   DMA      [mem 0x0000000000001000-0x0000000000ffffff]
[    0.000000]   DMA32    [mem 0x0000000001000000-0x000000007ffeffff]
[    0.000000]   Normal   empty
[    0.000000]   Device   empty
[    0.000000] Movable zone start for each node
[    0.000000] Early memory node ranges
[    0.000000]   node   0: [mem 0x0000000000001000-0x000000000009efff]
[    0.000000]   node   0: [mem 0x0000000000100000-0x000000007ffeffff]
[    0.000000] Initmem setup node 0 [mem 0x0000000000001000-0x000000007ffeffff]
[    0.000000] ACPI: PM-Timer IO Port: 0x4008
[    0.000000] IOAPIC[0]: apic_id 2, version 32, address 0xfec00000, GSI 0-23
[    0.000000] ACPI: INT_SRC_OVR (bus 0 bus_irq 0 global_irq 2 dfl dfl)
[    0.000000] ACPI: INT_SRC_OVR (bus 0 bus_irq 9 global_irq 9 high level)
[    0.000000] Using ACPI (MADT) for SMP configuration information
[    0.000000] smpboot: Allowing 2 CPUs, 0 hotplug CPUs
[    0.000000] PM: Registered nosave memory: [mem 0x00000000-0x00000fff]
[    0.000000] PM: Registered nosave memory: [mem 0x0009f000-0x0009ffff]
[    0.000000] PM: Registered nosave memory: [mem 0x000a0000-0x000effff]
[    0.000000] PM: Registered nosave memory: [mem 0x000f0000-0x000fffff]
[    0.000000] e820: [mem 0x80000000-0xfebfffff] available for PCI devices
[    0.000000] Booting paravirtualized kernel on KVM
[    0.000000] clocksource: refined-jiffies: mask: 0xffffffff max_cycles: 0xffffffff, max_idle_ns: 7645519600211568 ns
[    0.000000] setup_percpu: NR_CPUS:512 nr_cpumask_bits:512 nr_cpu_ids:2 nr_node_ids:1
[    0.000000] PERCPU: Embedded 33 pages/cpu @ffff88007fc00000 s98200 r8192 d28776 u1048576
[    0.000000] PV qspinlock hash table entries: 256 (order: 0, 4096 bytes)
[    0.000000] Built 1 zonelists in Node order, mobility grouping on.  Total pages: 515961
[    0.000000] Policy zone: DMA32
[    0.000000] Kernel command line: BOOT_IMAGE=/boot/vmlinuz-4.4.0-103-generic root=UUID=972f7a8a-ba86-4809-b532-201590b5688c ro console=tty1 console=ttyS0
[    0.000000] PID hash table entries: 4096 (order: 3, 32768 bytes)
[    0.000000] Memory: 2025604K/2096696K available (8485K kernel code, 1295K rwdata, 3988K rodata, 1492K init, 1316K bss, 71092K reserved, 0K cma-reserved)
[    0.000000] SLUB: HWalign=64, Order=0-3, MinObjects=0, CPUs=2, Nodes=1
[    0.000000] Hierarchical RCU implementation.
[    0.000000] 	Build-time adjustment of leaf fanout to 64.
[    0.000000] 	RCU restricting CPUs from NR_CPUS=512 to nr_cpu_ids=2.
[    0.000000] RCU: Adjusting geometry for rcu_fanout_leaf=64, nr_cpu_ids=2
[    0.000000] NR_IRQS:33024 nr_irqs:440 16
[    0.000000] Console: colour VGA+ 80x25
[    0.000000] console [tty1] enabled
[    0.000000] console [ttyS0] enabled
[    0.000000] tsc: Detected 2599.998 MHz processor
[    3.097815] Calibrating delay loop (skipped) preset value.. 5199.99 BogoMIPS (lpj=10399992)
[    3.099703] pid_max: default: 32768 minimum: 301
[    3.100725] ACPI: Core revision 20150930
[    3.108448] ACPI: 2 ACPI AML tables successfully acquired and loaded
[    3.111398] Security Framework initialized
[    3.138823] Yama: becoming mindful.
[    3.145463] AppArmor: AppArmor initialized
[    3.148381] Dentry cache hash table entries: 262144 (order: 9, 2097152 bytes)
[    3.182229] Inode-cache hash table entries: 131072 (order: 8, 1048576 bytes)
[    3.229820] Mount-cache hash table entries: 4096 (order: 3, 32768 bytes)
[    3.254988] Mountpoint-cache hash table entries: 4096 (order: 3, 32768 bytes)
[    3.317620] Initializing cgroup subsys io
[    3.333571] Initializing cgroup subsys memory
[    3.334670] Initializing cgroup subsys devices
[    3.354406] Initializing cgroup subsys freezer
[    3.396966] Initializing cgroup subsys net_cls
[    3.415190] Initializing cgroup subsys perf_event
[    3.416236] Initializing cgroup subsys net_prio
[    3.417342] Initializing cgroup subsys hugetlb
[    3.418437] Initializing cgroup subsys pids
[    3.436369] CPU: Physical Processor ID: 0
[    3.455698] CPU: Processor Core ID: 0
[    3.490010] mce: CPU supports 0 MCE banks
[    3.497035] Last level iTLB entries: 4KB 1024, 2MB 1024, 4MB 1024
[    3.506747] Last level dTLB entries: 4KB 1024, 2MB 1024, 4MB 1024, 1GB 4
[    3.553575] Freeing SMP alternatives memory: 32K
[    3.570543] ftrace: allocating 32158 entries in 126 pages
[    3.700888] smpboot: APIC(0) Converting physical 0 to logical package 0
[    3.803198] smpboot: Max logical packages: 1
[    3.836169] x2apic enabled
[    3.850674] Switched APIC routing to physical x2apic.
[    3.852966] ..TIMER: vector=0x30 apic1=0 pin1=2 apic2=-1 pin2=-1
[    3.981366] smpboot: CPU0: Intel(R) Core(TM) i5-4278U CPU @ 2.60GHz (family: 0x6, model: 0x45, stepping: 0x1)
[    4.096741] Performance Events: unsupported p6 CPU model 69 no PMU driver, software events only.
[    4.187589] KVM setup paravirtual spinlock
[    4.203952] x86: Booting SMP configuration:
[    4.231096] .... node  #0, CPUs:      #1
[    4.237667] kvm-clock: cpu 1, msr 0:7ffe3041, secondary cpu clock
[    4.263927] mce: CPU supports 0 MCE banks
[    4.278534] x86: Booted up 1 node, 2 CPUs
[    4.327121] smpboot: Total of 2 processors activated (10399.99 BogoMIPS)
[    4.347123] devtmpfs: initialized
[    4.368138] evm: security.selinux
[    4.385566] evm: security.SMACK64
[    4.386411] evm: security.SMACK64EXEC
[    4.388497] evm: security.SMACK64TRANSMUTE
[    4.389520] evm: security.SMACK64MMAP
[    4.409099] evm: security.ima
[    4.410652] evm: security.capability
[    4.417591] clocksource: jiffies: mask: 0xffffffff max_cycles: 0xffffffff, max_idle_ns: 7645041785100000 ns
[    4.425805] futex hash table entries: 512 (order: 3, 32768 bytes)
[    4.431528] pinctrl core: initialized pinctrl subsystem
[    4.449231] RTC time: 18:49:08, date: 12/08/17
[    4.451967] NET: Registered protocol family 16
[    4.463255] cpuidle: using governor ladder
[    4.478976] cpuidle: using governor menu
[    4.485580] PCCT header not found.
[    4.486690] ACPI: bus type PCI registered
[    4.487720] acpiphp: ACPI Hot Plug PCI Controller Driver version: 0.5
[    4.489172] PCI: Using configuration type 1 for base access
[    4.504398] ACPI: Added _OSI(Module Device)
[    4.506828] ACPI: Added _OSI(Processor Device)
[    4.509151] ACPI: Added _OSI(3.0 _SCP Extensions)
[    4.520423] ACPI: Added _OSI(Processor Aggregator Device)
[    4.522830] ACPI: Executed 1 blocks of module-level executable AML code
[    4.543978] ACPI: Interpreter enabled
[    4.550433] ACPI: (supports S0 S5)
[    4.551347] ACPI: Using IOAPIC for interrupt routing
[    4.552755] PCI: Using host bridge windows from ACPI; if necessary, use "pci=nocrs" and report a bug
[    4.562828] ACPI: PCI Root Bridge [PCI0] (domain 0000 [bus 00-ff])
[    4.568436] acpi PNP0A03:00: _OSC: OS supports [ASPM ClockPM Segments MSI]
[    4.589695] acpi PNP0A03:00: _OSC: not requesting OS control; OS requires [ExtendedConfig ASPM ClockPM MSI]
[    4.601638] acpi PNP0A03:00: fail to add MMCONFIG information, can't access extended PCI configuration space under this bridge.
[    4.616617] PCI host bridge to bus 0000:00
[    4.618266] pci_bus 0000:00: root bus resource [io  0x0000-0x0cf7 window]
[    4.632626] pci_bus 0000:00: root bus resource [io  0x0d00-0xffff window]
[    4.641164] pci_bus 0000:00: root bus resource [mem 0x000a0000-0x000bffff window]
[    4.655113] pci_bus 0000:00: root bus resource [mem 0x80000000-0xffdfffff window]
[    4.658226] pci_bus 0000:00: root bus resource [bus 00-ff]
[    4.673350] pci 0000:00:01.1: legacy IDE quirk: reg 0x10: [io  0x01f0-0x01f7]
[    4.687817] pci 0000:00:01.1: legacy IDE quirk: reg 0x14: [io  0x03f6]
[    4.698572] pci 0000:00:01.1: legacy IDE quirk: reg 0x18: [io  0x0170-0x0177]
[    4.700286] pci 0000:00:01.1: legacy IDE quirk: reg 0x1c: [io  0x0376]
[    4.770676] pci 0000:00:07.0: quirk: [io  0x4000-0x403f] claimed by PIIX4 ACPI
[    4.864558] pci 0000:00:07.0: quirk: [io  0x4100-0x410f] claimed by PIIX4 SMB
[    4.956464] ACPI: PCI Interrupt Link [LNKA] (IRQs 5 9 10 *11)
[    4.979448] ACPI: PCI Interrupt Link [LNKB] (IRQs 5 9 10 *11)
[    5.036963] ACPI: PCI Interrupt Link [LNKC] (IRQs 5 9 *10 11)
[    5.056804] ACPI: PCI Interrupt Link [LNKD] (IRQs 5 *9 10 11)
[    5.090239] ACPI: Enabled 2 GPEs in block 00 to 07
[    5.100771] vgaarb: setting as boot device: PCI:0000:00:02.0
[    5.119628] vgaarb: device added: PCI:0000:00:02.0,decodes=io+mem,owns=io+mem,locks=none
[    5.137755] vgaarb: loaded
[    5.155657] vgaarb: bridge control possible 0000:00:02.0
[    5.157141] SCSI subsystem initialized
[    5.196691] ACPI: bus type USB registered
[    5.217410] usbcore: registered new interface driver usbfs
[    5.275877] usbcore: registered new interface driver hub
[    5.321968] usbcore: registered new device driver usb
[    5.336242] PCI: Using ACPI for IRQ routing
[    5.358460] NetLabel: Initializing
[    5.402264] NetLabel:  domain hash size = 128
[    5.422086] NetLabel:  protocols = UNLABELED CIPSOv4
[    5.438516] NetLabel:  unlabeled traffic allowed by default
[    5.439992] amd_nb: Cannot enumerate AMD northbridges
[    5.444444] clocksource: Switched to clocksource kvm-clock
[    5.473604] AppArmor: AppArmor Filesystem Enabled
[    5.505419] pnp: PnP ACPI init
[    5.527141] pnp: PnP ACPI: found 3 devices
[    5.636759] clocksource: acpi_pm: mask: 0xffffff max_cycles: 0xffffff, max_idle_ns: 2085701024 ns
[    5.795767] NET: Registered protocol family 2
[    5.800204] TCP established hash table entries: 16384 (order: 5, 131072 bytes)
[    5.826005] TCP bind hash table entries: 16384 (order: 6, 262144 bytes)
[    5.857529] TCP: Hash tables configured (established 16384 bind 16384)
[    5.867442] UDP hash table entries: 1024 (order: 3, 32768 bytes)
[    5.891884] UDP-Lite hash table entries: 1024 (order: 3, 32768 bytes)
[    5.908206] NET: Registered protocol family 1
[    5.931775] pci 0000:00:00.0: Limiting direct PCI/PCI transfers
[    5.996194] pci 0000:00:01.0: Activating ISA DMA hang workarounds
[    6.020176] Unpacking initramfs...
[    6.343816] Freeing initrd memory: 19160K
[    6.350197] RAPL PMU detected, API unit is 2^-32 Joules, 4 fixed counters 10737418240 ms ovfl timer
[    6.436342] hw unit of domain pp0-core 2^-0 Joules
[    6.437422] hw unit of domain package 2^-0 Joules
[    6.456989] hw unit of domain dram 2^-0 Joules
[    6.477178] hw unit of domain pp1-gpu 2^-0 Joules
[    6.515864] platform rtc_cmos: registered platform RTC device (no PNP device found)
[    6.528412] Scanning for low memory corruption every 60 seconds
[    6.547452] audit: initializing netlink subsys (disabled)
[    6.665724] audit: type=2000 audit(1512758951.139:1): initialized
[    6.735082] Initialise system trusted keyring
[    6.747060] HugeTLB registered 2 MB page size, pre-allocated 0 pages
[    6.827688] zbud: loaded
[    6.867243] VFS: Disk quotas dquot_6.6.0
[    6.909252] VFS: Dquot-cache hash table entries: 512 (order 0, 4096 bytes)
[    6.930550] squashfs: version 4.0 (2009/01/31) Phillip Lougher
[    6.953700] fuse init (API version 7.23)
[    6.974677] Key type big_key registered
[    6.997071] Allocating IMA MOK and blacklist keyrings.
[    7.019822] Key type asymmetric registered
[    7.076153] Asymmetric key parser 'x509' registered
[    7.136878] Block layer SCSI generic (bsg) driver version 0.4 loaded (major 249)
[    7.178456] io scheduler noop registered
[    7.201819] io scheduler deadline registered (default)
[    7.219445] io scheduler cfq registered
[    7.222173] pci_hotplug: PCI Hot Plug PCI Core version: 0.5
[    7.238054] pciehp: PCI Express Hot Plug Controller Driver version: 0.4
[    7.295866] ACPI: AC Adapter [AC] (off-line)
[    7.347243] input: Power Button as /devices/LNXSYSTM:00/LNXPWRBN:00/input/input0
[    7.367793] ACPI: Power Button [PWRF]
[    7.370393] input: Sleep Button as /devices/LNXSYSTM:00/LNXSLPBN:00/input/input1
[    7.372539] ACPI: Sleep Button [SLPF]
[    7.394442] GHES: HEST is not enabled!
[    7.435808] Serial: 8250/16550 driver, 32 ports, IRQ sharing enabled
[    7.436983] ACPI: Battery Slot [BAT0] (battery present)
[    7.529533] 00:02: ttyS0 at I/O 0x3f8 (irq = 4, base_baud = 115200) is a 16550A
[    7.627047] tsc: Refined TSC clocksource calibration: 2598.586 MHz
[    7.628477] clocksource: tsc: mask: 0xffffffffffffffff max_cycles: 0x25750442015, max_idle_ns: 440795280911 ns
[    7.631909] Linux agpgart interface v0.103
[    7.638054] loop: module loaded
[    7.669840] scsi host0: ata_piix
[    7.729047] scsi host1: ata_piix
[    7.790205] ata1: PATA max UDMA/33 cmd 0x1f0 ctl 0x3f6 bmdma 0xd000 irq 14
[    7.885520] ata2: PATA max UDMA/33 cmd 0x170 ctl 0x376 bmdma 0xd008 irq 15
[    7.987332] libphy: Fixed MDIO Bus: probed
[    8.087089] tun: Universal TUN/TAP device driver, 1.6
[    8.113887] tun: (C) 1999-2004 Max Krasnyansky <maxk@qualcomm.com>
[    8.156434] PPP generic driver version 2.4.2
[    8.173016] ehci_hcd: USB 2.0 'Enhanced' Host Controller (EHCI) Driver
[    8.270378] ehci-pci: EHCI PCI platform driver
[    8.282292] ehci-platform: EHCI generic platform driver
[    8.285826] ohci_hcd: USB 1.1 'Open' Host Controller (OHCI) Driver
[    8.425604] ohci-pci: OHCI PCI platform driver
[    8.494324] ohci-platform: OHCI generic platform driver
[    8.528534] uhci_hcd: USB Universal Host Controller Interface driver
[    8.569805] i8042: PNP: PS/2 Controller [PNP0303:PS2K,PNP0f03:PS2M] at 0x60,0x64 irq 1,12
[    8.615373] serio: i8042 KBD port at 0x60,0x64 irq 1
[    8.631376] serio: i8042 AUX port at 0x60,0x64 irq 12
[    8.734807] mousedev: PS/2 mouse device common for all mice
[    8.830729] rtc_cmos rtc_cmos: rtc core: registered rtc_cmos as rtc0
[    8.967349] rtc_cmos rtc_cmos: alarms up to one day, 114 bytes nvram
[    8.999871] input: AT Translated Set 2 keyboard as /devices/platform/i8042/serio0/input/input2
[    9.147044] i2c /dev entries driver
[    9.163277] device-mapper: uevent: version 1.0.3
[    9.165296] device-mapper: ioctl: 4.34.0-ioctl (2015-10-28) initialised: dm-devel@redhat.com
[    9.197225] ledtrig-cpu: registered to indicate activity on CPUs
[    9.207574] NET: Registered protocol family 10
[    9.223133] NET: Registered protocol family 17
[    9.234880] Key type dns_resolver registered
[    9.293520] microcode: CPU0 sig=0x40651, pf=0x40, revision=0x0
[    9.304283] microcode: CPU1 sig=0x40651, pf=0x40, revision=0x0
[    9.325792] microcode: Microcode Update Driver: v2.01 <tigran@aivazian.fsnet.co.uk>, Peter Oruba
[    9.355353] registered taskstats version 1
[    9.373659] Loading compiled-in X.509 certificates
[    9.383070] Loaded X.509 cert 'Build time autogenerated kernel key: 6495e09daeacef0cade9c1ea2246b74b6c79cd53'
[    9.390796] zswap: loaded using pool lzo/zbud
[    9.401170] Key type trusted registered
[    9.417812] Key type encrypted registered
[    9.439239] AppArmor: AppArmor sha1 policy hashing enabled
[    9.453864] ima: No TPM chip found, activating TPM-bypass!
[    9.517992] evm: HMAC attrs: 0x1
[    9.533854]   Magic number: 13:335:847
[    9.536842] rtc_cmos rtc_cmos: setting system clock to 2017-12-08 18:49:13 UTC (1512758953)
[    9.549027] BIOS EDD facility v0.16 2004-Jun-25, 0 devices found
[    9.557075] EDD information not available.
[    9.563429] Freeing unused kernel memory: 1492K
[    9.585063] Write protecting the kernel read-only data: 14336k
[    9.603938] Freeing unused kernel memory: 1744K
[    9.605983] Freeing unused kernel memory: 108K
Loading, please wait...
starting version[    9.631104] random: systemd-udevd: uninitialized urandom read (16 bytes read, 3 bits of entropy available)
 229
[    9.631682] random: udevadm: uninitialized urandom read (16 bytes read, 3 bits of entropy available)
[    9.631739] random: udevadm: uninitialized urandom read (16 bytes read, 3 bits of entropy available)
[    9.631903] random: udevadm: uninitialized urandom read (16 bytes read, 3 bits of entropy available)
[    9.631963] random: udevadm: uninitialized urandom read (16 bytes read, 3 bits of entropy available)
[    9.632020] random: udevadm: uninitialized urandom read (16 bytes read, 3 bits of entropy available)
[    9.632076] random: udevadm: uninitialized urandom read (16 bytes read, 3 bits of entropy available)
[    9.632127] random: udevadm: uninitialized urandom read (16 bytes read, 3 bits of entropy available)
[    9.632176] random: udevadm: uninitialized urandom read (16 bytes read, 3 bits of entropy available)
[    9.632233] random: udevadm: uninitialized urandom read (16 bytes read, 3 bits of entropy available)
[   10.071794] e1000: Intel(R) PRO/1000 Network Driver - version 7.3.21-k8-NAPI
[   10.130928] e1000: Copyright (c) 1999-2006 Intel Corporation.
[   10.137297] Fusion MPT base driver 3.04.20
[   10.163997] Copyright (c) 1999-2008 LSI Corporation
[   10.182251] Fusion MPT SPI Host driver 3.04.20
[   10.245325] AVX version of gcm_enc/dec engaged.
[   10.251469] AES CTR mode by8 optimization enabled
[   10.402529] input: ImExPS/2 Generic Explorer Mouse as /devices/platform/i8042/serio1/input/input4
[   10.549676] e1000 0000:00:03.0 eth0: (PCI:33MHz:32-bit) 02:dc:25:78:06:25
[   10.589181] e1000 0000:00:03.0 eth0: Intel(R) PRO/1000 Network Connection
[   10.591363] mptbase: ioc0: Initiating bringup
[   10.591576] e1000 0000:00:03.0 enp0s3: renamed from eth0
[   10.721445] ioc0: LSI53C1030 A0: Capabilities={Initiator}
[   10.959399] scsi host2: ioc0: LSI53C1030 A0, FwRev=00000000h, Ports=1, MaxQ=256, IRQ=20
[   11.073629] scsi 2:0:0:0: Direct-Access     VBOX     HARDDISK         1.0  PQ: 0 ANSI: 5
[   11.246967] scsi target2:0:0: Beginning Domain Validation
[   11.302802] scsi target2:0:0: Domain Validation skipping write tests
[   11.325383] scsi target2:0:0: Ending Domain Validation
[   11.390635] scsi target2:0:0: asynchronous
[   11.439427] scsi 2:0:1:0: Direct-Access     VBOX     HARDDISK         1.0  PQ: 0 ANSI: 5
[   11.457610] scsi target2:0:1: Beginning Domain Validation
[   11.459974] scsi target2:0:1: Domain Validation skipping write tests
[   11.477299] scsi target2:0:1: Ending Domain Validation
[   11.488516] scsi target2:0:1: asynchronous
[   11.572663] sd 2:0:0:0: Attached scsi generic sg0 type 0
[   11.585793] sd 2:0:0:0: [sda] 20971520 512-byte logical blocks: (10.7 GB/10.0 GiB)
[   11.616641] sd 2:0:0:0: [sda] Write Protect is off
[   11.647807] sd 2:0:1:0: Attached scsi generic sg1 type 0
[   11.648151] sd 2:0:1:0: [sdb] 20480 512-byte logical blocks: (10.5 MB/10.0 MiB)
[   11.697554] sd 2:0:1:0: [sdb] Write Protect is off
[   11.742751] sd 2:0:0:0: [sda] Incomplete mode parameter data
[   11.755867] sd 2:0:0:0: [sda] Assuming drive cache: write through
[   11.756096] sd 2:0:1:0: [sdb] Incomplete mode parameter data
[   11.756097] sd 2:0:1:0: [sdb] Assuming drive cache: write through
[   11.786027] sd 2:0:1:0: [sdb] Attached SCSI disk
[   11.816880]  sda: sda1
[   11.828925] sd 2:0:0:0: [sda] Attached SCSI disk
[   13.217723] floppy0: no floppy controllers found
Begin: Loading e[   14.782441] md: linear personality registered for level -1
ssential drivers ... [   14.899210] md: multipath personality registered for level -4
[   14.940210] md: raid0 personality registered for level 0
[   14.951144] md: raid1 personality registered for level 1
[   15.052775] raid6: sse2x1   gen()  7672 MB/s
[   15.172488] raid6: sse2x1   xor()  6160 MB/s
[   15.248733] raid6: sse2x2   gen()  7498 MB/s
[   15.321090] raid6: sse2x2   xor()  7376 MB/s
[   15.448519] raid6: sse2x4   gen() 11535 MB/s
[   15.582294] raid6: sse2x4   xor()  8666 MB/s
[   15.652220] raid6: using algorithm sse2x4 gen() 11535 MB/s
[   15.666185] raid6: .... xor() 8666 MB/s, rmw enabled
[   15.667298] raid6: using ssse3x2 recovery algorithm
[   15.672804] xor: automatically using best checksumming function:
[   15.796668]    avx       : 18696.000 MB/sec
[   15.842746] async_tx: api initialized (async)
[   15.868082] md: raid6 personality registered for level 6
[   15.927302] md: raid5 personality registered for level 5
[   15.950350] md: raid4 personality registered for level 4
[   15.971757] md: raid10 personality registered for level 10
done.
Begin: Running /scripts/init-premount ... done.
Begin: Mounting root file system ... Begin: Running /scripts/local-top ... done.
Begin: Running /scripts/local-premount ... [   16.023721] Btrfs loaded
Scanning for Btrfs filesystems
done.
Warning: fsck no[   16.110444] EXT4-fs (sda1): INFO: recovery required on readonly filesystem
t present, so skipping root file system
[   16.175768] EXT4-fs (sda1): write access will be enabled during recovery
[   16.332711] EXT4-fs (sda1): orphan cleanup on readonly fs
[   16.392989] EXT4-fs (sda1): 13 orphan inodes deleted
[   16.496827] EXT4-fs (sda1): recovery complete
[   16.567099] EXT4-fs (sda1): mounted filesystem with ordered data mode. Opts: (null)
done.
Begin: Running /scripts/local-bottom ... done.
Begin: Running /scripts/init-bottom ... done.
[   16.880092] systemd[1]: systemd 229 running in system mode. (+PAM +AUDIT +SELINUX +IMA +APPARMOR +SMACK +SYSVINIT +UTMP +LIBCRYPTSETUP +GCRYPT +GNUTLS +ACL +XZ -LZ4 +SECCOMP +BLKID +ELFUTILS +KMOD -IDN)
[   17.201010] systemd[1]: Detected virtualization oracle.
[   17.221871] systemd[1]: Detected architecture x86-64.

Welcome to [1mUbuntu 16.04.3 LTS[0m!

[   17.258440] systemd[1]: Set hostname to <ubuntu-xenial>.
[   17.600634] systemd[1]: Listening on LVM2 poll daemon socket.
[[0;32m  OK  [0m] Listening on LVM2 poll daemon socket.
[   17.620961] systemd[1]: Listening on Journal Audit Socket.
[[0;32m  OK  [0m] Listening on Journal Audit Socket.
[   17.623821] systemd[1]: Reached target User and Group Name Lookups.
[[0;32m  OK  [0m] Reached target User and Group Name Lookups.
[   17.635998] systemd[1]: Listening on udev Kernel Socket.
[[0;32m  OK  [0m] Listening on udev Kernel Socket.
[   17.665306] systemd[1]: Listening on LVM2 metadata daemon socket.
[[0;32m  OK  [0m] Listening on LVM2 metadata daemon socket.
[   17.695287] systemd[1]: Reached target Encrypted Volumes.
[[0;32m  OK  [0m] Reached target Encrypted Volumes.
[   17.708953] systemd[1]: Started Trigger resolvconf update for networkd DNS.
[[0;32m  OK  [0m] Started Trigger resolvconf update for networkd DNS.
[   17.719001] systemd[1]: Listening on Journal Socket (/dev/log).
[[0;32m  OK  [0m] Listening on Journal Socket (/dev/log).
[   17.869219] systemd[1]: Listening on udev Control Socket.
[[0;32m  OK  [0m] Listening on udev Control Socket.
[   17.977128] systemd[1]: Created slice System Slice.
[[0;32m  OK  [0m] Created slice System Slice.
[   18.013649] systemd[1]: Created slice system-serial\x2dgetty.slice.
[[0;32m  OK  [0m] Created slice system-serial\x2dgetty.slice.
[   18.028857] systemd[1]: Listening on /dev/initctl Compatibility Named Pipe.
[[0;32m  OK  [0m] Listening on /dev/initctl Compatibility Named Pipe.
[   18.031297] systemd[1]: Listening on Journal Socket.
[[0;32m  OK  [0m] Listening on Journal Socket.
[   18.045424] systemd[1]: Starting Remount Root and Kernel File Systems...
[   18.128992] random: nonblocking pool is initialized
         Starting Remount Root and Kernel File Systems...
[   18.165115] EXT4-fs (sda1): re-mounted. Opts: (null)
[   18.252952] systemd[1]: Starting Set console keymap...
         Starting Set console keymap...
[   18.273881] systemd[1]: Starting Create list of required static device nodes for the current kernel...
         Starting Create list of required st... nodes for the current kernel...
[   18.328619] systemd[1]: Mounting Debug File System...
         Mounting Debug File System...
[   18.461100] systemd[1]: Starting Load Kernel Modules...
         Starting Load Kernel Modules...
[   18.518067] systemd[1]: Reached target Swap.
[[0;32m  OK  [0[   18.574648] lp: driver loaded but no devices found
m] Reached targe[   18.602699] ppdev: user-space parallel port driver
t Swap.
[   18.654731] Loading iSCSI transport class v2.0-870.
[   18.728927] systemd[1]: Started Braille Device Support.
[[0;32m  OK  [0[   18.783559] iscsi: registered transport (tcp)
m] Started Braille Device Support.
[   18.819299] systemd[1]: Set up automount Arbitrary Executable File Formats File System Automount Point.
[[0;32m  OK  [0m] Set up automount Arbitrary Ex[   18.852978] iscsi: registered transport (iser)
ecutab...ats File System Automount Point.
[   18.898864] systemd[1]: Listening on Device-mapper event daemon FIFOs.
[[0;32m  OK  [0m] Listening on Device-mapper event daemon FIFOs.
[   19.013276] systemd[1]: Starting Monitoring of LVM2 mirrors, snapshots etc. using dmeventd or progress polling...
         Starting Monitoring of LVM2 mirrors... dmeventd or progress polling...
[   19.188993] systemd[1]: Started Forward Password Requests to Wall Directory Watch.
[[0;32m  OK  [0m] Started Forward Password Requests to Wall Directory Watch.
[   19.388733] systemd[1]: Mounting Huge Pages File System...
         Mounting Huge Pages File System...
[   19.497081] systemd[1]: Starting Uncomplicated firewall...
         Starting Uncomplicated firewall...
[   19.596949] systemd[1]: Listening on Syslog Socket.
[[0;32m  OK  [0m] Listening on Syslog Socket.
[   19.657188] systemd[1]: Starting Journal Service...
         Starting Journal Service...
[   19.717973] systemd[1]: Created slice User and Session Slice.
[[0;32m  OK  [0m] Created slice User and Session Slice.
[   19.853047] systemd[1]: Reached target Slices.
[[0;32m  OK  [0m] Reached target Slices.
[   20.020938] systemd[1]: Mounting POSIX Message Queue File System...
         Mounting POSIX Message Queue File System...
[   20.137712] systemd[1]: Mounted POSIX Message Queue File System.
[[0;32m  OK  [0m] Mounted POSIX Message Queue File System.
[   20.181291] systemd[1]: Mounted Debug File System.
[[0;32m  OK  [0m] Mounted Debug File System.
[   20.225312] systemd[1]: Mounted Huge Pages File System.
[[0;32m  OK  [0m] Mounted Huge Pages File System.
[   20.369379] systemd[1]: Started Journal Service.
[[0;32m  OK  [0m] Started Journal Service.
[[0;32m  OK  [0m] Started Remount Root and Kernel File Systems.
[[0;32m  OK  [0m] Started Set console keymap.
[[0;32m  OK  [0m] Started Create list of required sta...ce nodes for the current kernel.
[[0;32m  OK  [0m] Started Load Kernel Modules.
[[0;32m  OK  [0m] Started Uncomplicated firewall.
[[0;32m  OK  [0m] Started LVM2 metadata daemon.
         Starting Apply Kernel Variables...
         Mounting FUSE Control File System...
         Starting Create Static Device Nodes in /dev...
         Starting Initial cloud-init job (pre-networking)...
         Starting udev Coldplug all Devices...
         Starting Load/Save Random Seed...
         Starting Flush Journal to Persistent Storage...
[[0;32m  OK  [0m] Mounted FUSE Control File System.
[[0;32m  OK  [0m] Started Apply Kernel Variables.
[[0;32m  OK  [0m] Started Create Static Device Nodes in /dev.
[[0;32m  OK  [0m] Started Load/Save Random Seed.
[[0;32m  OK  [0m] Started udev Coldplug all Devices.
         Starting udev Kernel Device Manager...
[[0;32m  OK  [0m] Started Monitoring of LVM2 mirrors,...ng dmeventd or progress polling.
[[0;32m  OK  [0m] Started Flush Journal to Persistent Storage.
[[0;32m  OK  [0m] Started udev Kernel Device Manager.
[[0;32m  OK  [0m] Reached target Local File Systems (Pre).
[[0;32m  OK  [0m] Reached target Local File Systems.
         Starting Tell Plymouth To Write Out Runtime Data...
         Starting Clean up any mess left by 0dns-up...
         Starting Create Volatile Files and Directories...
         Starting LSB: AppArmor initialization...
         Starting Set console font and keymap...
         Starting Enable support for additional executable binary formats...
[[0;32m  OK  [0m] Started Dispatch Password Requests to Console Directory Watch.
[[0;32m  OK  [0m] Started Tell Plymouth To Write Out Runtime Data.
[[0;32m  OK  [0m] Started Create Volatile Files and Directories.
[[0;32m  OK  [0m] Started Clean up any mess left by 0dns-up.
[[0;32m  OK  [0m] Found device /dev/ttyS0.
[   18.176382] cloud-init[439]: Cloud-init v. 0.7.9 running 'init-local' at Fri, 08 Dec 2017 18:49:26 +0000. Up 17.46 seconds.
[[0;32m  OK  [0m] Started LSB: AppArmor initialization.
[[0;32m  OK  [0m] Started Set console font and keymap.
[[0;32m  OK  [0m] Started Initial cloud-init job (pre-networking).
[[0;32m  OK  [0m] Listening on Load/Save RF Kill Switch Status /dev/rfkill Watch.
[[0;32m  OK  [0m] Created slice system-getty.slice.
         Mounting Arbitrary Executable File Formats File System...
         Starting Nameserver information manager...
         Starting Update UTMP about System Boot/Shutdown...
[[0;32m  OK  [0m] Reached target System Time Synchronized.
[[0;32m  OK  [0m] Mounted Arbitrary Executable File Formats File System.
[[0;32m  OK  [0m] Started Enable support for additional executable binary formats.
[[0;32m  OK  [0m] Started Nameserver information manager.
[[0;32m  OK  [0m] Started Update UTMP about System Boot/Shutdown.
[[0;32m  OK  [0m] Reached target Network (Pre).
         Starting Raise network interfaces...
[[0;32m  OK  [0m] Started ifup for enp0s3.
[[0;32m  OK  [0m] Stopped Avahi mDNS/DNS-SD Stack.
[[0;32m  OK  [0m] Started Raise network interfaces.
         Starting Initial cloud-init job (metadata service crawler)...
[   20.369992] cloud-init[1107]: Cloud-init v. 0.7.9 running 'init' at Fri, 08 Dec 2017 18:49:28 +0000. Up 20.06 seconds.
[[0;32m  OK  [0m] Started Initial cloud-init job (metadata service crawler).
[[0;32m  OK  [0m] Reached target Cloud-config availability.
[   20.470662] cloud-init[1107]: ci-info: +++++++++++++++++++++++++++++++++++++Net device info+++++++++++++++++++++++++++++++++++++
[   20.632455] cloud-init[1107]: ci-info: +--------+------+---------------------------+---------------+-------+-------------------+
[   20.673073] cloud-init[1107]: ci-info: | Device |  Up  |          Address          |      Mask     | Scope |     Hw-Address    |
[[0;32m  OK  [0m] Reached target System Initialization.
[   20.735568] cloud-init[1107]: ci-info: +--------+------+---------------------------+---------------+-------+-------------------+
[   20.864850] cloud-init[1107]: ci-info: |   lo   | True |         127.0.0.1         |   255.0.0.0   |   .   |         .         |
[   20.928607] cloud-init[1107]: ci-info: |   lo   | True |          ::1/128          |       .       |  host |         .         |
[   21.005096] cloud-init[1107]: ci-info: | enp0s3 | True |         10.0.2.15         | 255.255.255.0 |   .   | 02:dc:25:78:06:25 |
[[0;32m  OK  [0m] Started ACPI Events Check.
[[0;32m  OK  [0m] Started Daily Cleanup of Temporary Directories.
[[0;32m  OK  [0m] Listening on CUPS Scheduler.
[[0;32m  OK  [0m] Listening on Avahi mDNS/DNS-SD Stack Activation Socket.
[   21.083721] cloud-init[1107]: ci-info: | enp0s3 | True | fe80::dc:25ff:fe78:625/64 |       .       |  link | 02:dc:25:78:06:25 |
[   21.292715] cloud-init[1107]: ci-info: +--------+------+---------------------------+---------------+-------+-------------------+
[   21.372987] cloud-init[1107]: ci-info: +++++++++++++++++++++++++++Route IPv4 info++++++++++++++++++++++++++++
         Starting LXD - unix socket.
[[0;32m  OK  [0m] Listening on UUID daemon activation socket.
[   21.455375] cloud-init[1107]: ci-info: +-------+-------------+----------+---------------+-----------+-------+
[   21.596576] cloud-init[1107]: ci-info: | Route | Destination | Gateway  |    Genmask    | Interface | Flags |
[   21.656531] cloud-init[1107]: ci-info: +-------+-------------+----------+---------------+-----------+-------+
[   21.710778] cloud-init[1107]: ci-info: |   0   |   0.0.0.0   | 10.0.2.2 |    0.0.0.0    |   enp0s3  |   UG  |
[   21.756712] cloud-init[1107]: ci-info: |   1   |   10.0.2.0  | 0.0.0.0  | 255.255.255.0 |   enp0s3  |   U   |
[[0;32m  OK  [0m] Started CUPS Scheduler.
[[0;32m  OK  [0m] Reached target Paths.
[   21.832131] cloud-init[1107]: ci-info: |   2   | 169.254.0.0 | 0.0.0.0  |  255.255.0.0  |   enp0s3  |   U   |
[   21.956522] cloud-init[1107]: ci-info: +-------+-------------+----------+---------------+-----------+-------+
         Starting Socket activation for snappy daemon.
[[0;32m  OK  [0m] Started Timer to automatically refresh installed snaps.
[[0;32m  OK  [0m] Started Timer to automatically fetch and run repair assertions.
[[0;32m  OK  [0m] Listening on D-Bus System Message Bus Socket.
[[0;32m  OK  [0m] Listening on ACPID Listen Socket.
[[0;32m  OK  [0m] Listening on LXD - unix socket.
[[0;32m  OK  [0m] Listening on Socket activation for snappy daemon.
[[0;32m  OK  [0m] Reached target Sockets.
[[0;32m  OK  [0m] Reached target Basic System.
[[0;32m  OK  [0m] Started FUSE filesystem for LXC.
[[0;32m  OK  [0m] Started Deferred execution scheduler.
         Starting Detect the available GPUs and deal with any system changes...
[[0;32m  OK  [0m] Started CUPS Scheduler.
         Starting Login Service...
         Starting System Logging Service...
[[0;32m  OK  [0m] Started Make remote CUPS printers available locally.
         Starting LSB: Record successful boot for GRUB...
         Starting Modem Manager...
         Starting Accounts Service...
[[0;32m  OK  [0m] Started ACPI event daemon.
[[0;32m  OK  [0m] Started D-Bus System Message Bus.
         Starting Network Manager...
         Starting LSB: MD monitoring daemon...
         Starting Snappy daemon...
[[0;32m  OK  [0m] Started Regular background program processing daemon.
         Starting Restore /etc/resolv.conf i...re the ppp link was shut down...
         Starting LXD - container startup/shutdown...
[[0;32m  OK  [0m] Started System Logging Service.
[[0;32m  OK  [0m] Started Snappy daemon.
[[0;32m  OK  [0m] Started Detect the available GPUs and deal with any system changes.
[[0;32m  OK  [0m] Started Restore /etc/resolv.conf if...fore the ppp link was shut down.
[[0;32m  OK  [0m] Started LXD - container startup/shutdown.
[[0;32m  OK  [0m] Started LSB: Record successful boot for GRUB.
[[0;32m  OK  [0m] Started LSB: MD monitoring daemon.
[[0;32m  OK  [0m] Started Network Manager.
[[0;32m  OK  [0m] Started Login Service.
         Starting Network Manager Script Dispatcher Service...
         Starting Network Manager Wait Online...
[[0;32m  OK  [0m] Reached target Network.
[[0;32m  OK  [0m] Started Unattended Upgrades Shutdown.
         Starting Authenticate and Authorize Users to Run Privileged Tasks...
         Starting Avahi mDNS/DNS-SD Stack...
         Starting Auto import assertions from block devices...
[[0;32m  OK  [0m] Started Network Manager Script Dispatcher Service.
[[0;32m  OK  [0m] Started Auto import assertions from block devices.
[[0;32m  OK  [0m] Started Authenticate and Authorize Users to Run Privileged Tasks.
[[0;32m  OK  [0m] Started Accounts Service.
[[0;32m  OK  [0m] Started Avahi mDNS/DNS-SD Stack.
[[0;32m  OK  [0m] Started Modem Manager.
         Starting Hostname Service...
[[0;32m  OK  [0m] Started Hostname Service.
[[0;32m  OK  [0m] Started Network Manager Wait Online.
[[0;32m  OK  [0m] Reached target Network is Online.
[[0;32m  OK  [0m] Started Daily apt download activities.
[[0;32m  OK  [0m] Started Daily apt upgrade and clean activities.
[[0;32m  OK  [0m] Reached target Timers.
         Starting OpenBSD Secure Shell server...
         Starting /etc/rc.local Compatibility...
         Starting Apply the settings specified in cloud-config...
[[0;32m  OK  [0m] Started crash report submission daemon.
         Starting iSCSI initiator daemon (iscsid)...
[[0;32m  OK  [0m] Started OpenBSD Secure Shell server.
[[0;32m  OK  [0m] Started /etc/rc.local Compatibility.
[[0;32m  OK  [0m] Started iSCSI initiator daemon (iscsid).
         Starting Login to default iSCSI targets...
[[0;32m  OK  [0m] Started Login to default iSCSI targets.
[[0;32m  OK  [0m] Reached target Remote File Systems (Pre).
[[0;32m  OK  [0m] Reached target Remote File Systems.
         Starting LSB: daemon to balance interrupts for SMP systems...
         Starting Permit User Sessions...
         Starting LSB: Speech Dispatcher...
         Starting LSB: VirtualBox Linux Additions...
         Starting LSB: Set the CPU Frequency Scaling governor to "ondemand"...
         Starting LSB: automatic crash report generation...
[[0;32m  OK  [0m] Started Permit User Sessions.
[[0;32m  OK  [0m] Started LSB: Speech Dispatcher.
[[0;32m  OK  [0m] Started LSB: daemon to balance interrupts for SMP systems.
[[0;32m  OK  [0m] Created slice User Slice of ubuntu.
         Starting User Manager for UID 1000...
[   24.685430] cloud-init[1297]: Cloud-init v. 0.7.9 running 'modules:config' at Fri, 08 Dec 2017 18:49:33 +0000. Up 24.53 seconds.
[[0;32m  OK  [0m] Started Session 1 of user ubuntu.
         Starting Light Display Manager...
         Starting Hold until boot process finishes up...
[[0;32m  OK  [0m] Started User Manager for UID 1000.
[[0;32m  OK  [0m] Started Apply the settings specified in cloud-config.
[[0;32m  OK  [0m] Started LSB: VirtualBox Linux Additions.
[[0;32m  OK  [0m] Started LSB: Set the CPU Frequency Scaling governor to "ondemand".
[[0;32m  OK  [0m] Started Hold until boot process finishes up.
[[0;32m  OK  [0m] Started LSB: automatic crash report generation.
[[0;32m  OK  [0m] Started Getty on tty1.
[[0;32m  OK  [0m] Started Serial Getty on ttyS0.
[[0;32m  OK  [0m] Reached target Login Prompts.
         Starting Set console scheme...
[[0;32m  OK  [0m] Reached target Multi-User System.
         Starting Execute cloud user/final scripts...
[[0;32m  OK  [0m] Started Set console scheme.
[[0;32m  OK  [0m] Started Light Display Manager.
[[0;32m  OK  [0m] Reached target Graphical Interface.
         Starting Update UTMP about System Runlevel Changes...
[[0;32m  OK  [0m] Started Update UTMP about System Runlevel Changes.
[   25.943661] cloud-init[1441]: Cloud-init v. 0.7.9 running 'modules:final' at Fri, 08 Dec 2017 18:49:34 +0000. Up 25.73 seconds.
[   26.000431] cloud-init[1441]: Cloud-init v. 0.7.9 finished at Fri, 08 Dec 2017 18:49:34 +0000. Datasource DataSourceNoCloud [seed=/dev/sdb][dsmode=net].  Up 25.93 seconds
[[0;32m  OK  [0m] Started Execute cloud user/final scripts.
[[0;32m  OK  [0m] Reached target Cloud-init target.

Ubuntu 16.04.3 LTS ubuntu-xenial ttyS0

ubuntu-xenial login: 